[backblue.gif]
[fade.gif]
[index.html]
[demo.galathemes.com/gala-joluta/skin/frontend/galajoluta/red/images/logo.png]
[demo.galathemes.com/gala-joluta/skin/frontend/galajoluta/red/images/flags/flag_red.gif]
[demo.galathemes.com/gala-joluta/skin/frontend/galajoluta/red/images/flags/flag_redfrench.gif]
[demo.galathemes.com/gala-joluta/skin/frontend/galajoluta/red/images/flags/flag_redgerman.gif]
[file/D_/ramdan/computershop/gala2/demo.galathemes.com/gala-joluta/media/slideshow/slideshow1.jpg]
[file/D_/ramdan/computershop/gala2/demo.galathemes.com/gala-joluta/media/slideshow/slideshow2.jpg]
[file/D_/ramdan/computershop/gala2/demo.galathemes.com/gala-joluta/skin/frontend/galajoluta/default/images/media/slider/slider-11.png]
[file/D_/ramdan/computershop/gala2/demo.galathemes.com/gala-joluta/skin/frontend/galajoluta/default/images/media/slider/slider-12.png]
[file/D_/ramdan/computershop/gala2/demo.galathemes.com/gala-joluta/skin/frontend/galajoluta/default/images/media/slider/slider-13.png]
[demo.galathemes.com/gala-joluta/media/catalog/product/cache/7/small_image/206x216/9df78eab33525d08d6e5fb8d27136e95/1/_/1.jpg]
[file/D_/ramdan/computershop/gala2/demo.galathemes.com/gala-joluta/media/em_productlabels/background/store_0_label-1.png]
[demo.galathemes.com/gala-joluta/media/catalog/product/cache/7/small_image/206x216/9df78eab33525d08d6e5fb8d27136e95/2/_/2.jpg]
[demo.galathemes.com/gala-joluta/media/catalog/product/cache/7/small_image/206x216/9df78eab33525d08d6e5fb8d27136e95/3/_/3.jpg]
[demo.galathemes.com/gala-joluta/media/catalog/product/cache/7/small_image/206x216/9df78eab33525d08d6e5fb8d27136e95/4/_/4.jpg]
[demo.galathemes.com/gala-joluta/media/catalog/product/cache/7/small_image/206x216/9df78eab33525d08d6e5fb8d27136e95/1/0/10.jpg]
[demo.galathemes.com/gala-joluta/media/catalog/product/cache/7/small_image/206x216/9df78eab33525d08d6e5fb8d27136e95/1/2/12.jpg]
[demo.galathemes.com/gala-joluta/media/catalog/product/cache/7/small_image/206x216/9df78eab33525d08d6e5fb8d27136e95/1/3/13.jpg]
[demo.galathemes.com/gala-joluta/media/catalog/product/cache/7/small_image/206x216/9df78eab33525d08d6e5fb8d27136e95/1/5/15.jpg]
[demo.galathemes.com/gala-joluta/media/catalog/product/cache/7/small_image/206x216/9df78eab33525d08d6e5fb8d27136e95/a/p/apple-macbook-pro-ma464ll-a-15-4-notebook-pc.jpg]
[demo.galathemes.com/gala-joluta/media/catalog/product/cache/7/small_image/206x216/9df78eab33525d08d6e5fb8d27136e95/9/_/9.jpg]
[demo.galathemes.com/gala-joluta/media/catalog/product/cache/7/small_image/206x216/9df78eab33525d08d6e5fb8d27136e95/1/1/11.jpg]
[demo.galathemes.com/gala-joluta/media/catalog/product/cache/7/small_image/206x216/9df78eab33525d08d6e5fb8d27136e95/1/4/14.jpg]
[demo.galathemes.com/gala-joluta/media/catalog/product/cache/7/small_image/206x216/9df78eab33525d08d6e5fb8d27136e95/5/_/5.jpg]
[demo.galathemes.com/gala-joluta/media/catalog/product/cache/7/small_image/206x216/9df78eab33525d08d6e5fb8d27136e95/6/_/6.jpg]
[demo.galathemes.com/gala-joluta/media/catalog/product/cache/7/small_image/206x216/9df78eab33525d08d6e5fb8d27136e95/7/_/7.jpg]
[demo.galathemes.com/gala-joluta/media/catalog/product/cache/7/small_image/206x216/9df78eab33525d08d6e5fb8d27136e95/8/_/8.jpg]
[demo.galathemes.com/gala-joluta/media/catalog/product/cache/7/small_image/206x216/9df78eab33525d08d6e5fb8d27136e95/1/7/17.jpg]
[demo.galathemes.com/gala-joluta/media/catalog/product/cache/7/small_image/206x216/9df78eab33525d08d6e5fb8d27136e95/1/8/18.jpg]
[demo.galathemes.com/gala-joluta/media/catalog/product/cache/7/small_image/206x216/9df78eab33525d08d6e5fb8d27136e95/1/5/15_1.jpg]
[demo.galathemes.com/gala-joluta/media/catalog/product/cache/7/small_image/206x216/9df78eab33525d08d6e5fb8d27136e95/1/2/12_1.jpg]
[demo.galathemes.com/gala-joluta/media/catalog/product/cache/7/small_image/206x216/9df78eab33525d08d6e5fb8d27136e95/1/0/10_1.jpg]
[demo.galathemes.com/gala-joluta/media/catalog/product/cache/7/small_image/206x216/9df78eab33525d08d6e5fb8d27136e95/8/_/8_1.jpg]
[demo.galathemes.com/gala-joluta/media/catalog/product/cache/7/small_image/206x216/9df78eab33525d08d6e5fb8d27136e95/1/6/16_1.jpg]
[demo.galathemes.com/gala-joluta/media/catalog/product/cache/7/small_image/206x216/9df78eab33525d08d6e5fb8d27136e95/1/0/10_2.jpg]
[demo.galathemes.com/gala-joluta/media/catalog/product/cache/7/small_image/104x120/9df78eab33525d08d6e5fb8d27136e95/a/p/apple-macbook-pro-ma464ll-a-15-4-notebook-pc.jpg]
[demo.galathemes.com/gala-joluta/media/catalog/product/cache/7/small_image/104x120/9df78eab33525d08d6e5fb8d27136e95/9/_/9.jpg]
[demo.galathemes.com/gala-joluta/media/catalog/product/cache/7/small_image/104x120/9df78eab33525d08d6e5fb8d27136e95/1/1/11.jpg]
[demo.galathemes.com/gala-joluta/media/catalog/product/cache/7/small_image/104x120/9df78eab33525d08d6e5fb8d27136e95/1/0/10.jpg]
[demo.galathemes.com/gala-joluta/media/catalog/product/cache/7/small_image/104x120/9df78eab33525d08d6e5fb8d27136e95/1/2/12.jpg]
[demo.galathemes.com/gala-joluta/media/catalog/product/cache/7/small_image/104x120/9df78eab33525d08d6e5fb8d27136e95/1/3/13.jpg]
[file/D_/ramdan/computershop/gala2/demo.galathemes.com/gala-joluta/index.php/index.html]
[file/D_/ramdan/computershop/gala2/demo.galathemes.com/gala-joluta/skin/frontend/galajoluta/default/images/media/block-footer2-callout.png]
[file/D_/ramdan/computershop/gala2/demo.galathemes.com/gala-joluta/skin/frontend/galajoluta/default/images/media/block-footer3-callout.png]
[file/D_/ramdan/computershop/gala2/demo.galathemes.com/gala-joluta/skin/frontend/galajoluta/default/images/media/slider/slider-footer1.png]
[file/D_/ramdan/computershop/gala2/demo.galathemes.com/gala-joluta/skin/frontend/galajoluta/default/images/media/slider/slider-footer2.png]
[file/D_/ramdan/computershop/gala2/demo.galathemes.com/gala-joluta/skin/frontend/galajoluta/default/images/media/slider/slider-footer3.png]
[file/D_/ramdan/computershop/gala2/demo.galathemes.com/gala-joluta/skin/frontend/galajoluta/default/images/media/slider/slider-footer4.png]
[file/D_/ramdan/computershop/gala2/demo.galathemes.com/gala-joluta/skin/frontend/galajoluta/default/images/media/slider/slider-footer5.png]
[file/D_/ramdan/computershop/gala2/demo.galathemes.com/gala-joluta/skin/frontend/galajoluta/default/images/media/f.png]
[file/D_/ramdan/computershop/gala2/demo.galathemes.com/gala-joluta/skin/frontend/galajoluta/default/images/media/r.png]
[file/D_/ramdan/computershop/gala2/demo.galathemes.com/gala-joluta/skin/frontend/galajoluta/default/images/media/t.png]
[file/D_/ramdan/computershop/gala2/demo.galathemes.com/gala-joluta/skin/frontend/galajoluta/default/images/media/visa.png]
[file/D_/ramdan/computershop/gala2/demo.galathemes.com/gala-joluta/skin/frontend/galajoluta/default/images/media/master.png]
[file/D_/ramdan/computershop/gala2/demo.galathemes.com/gala-joluta/skin/frontend/galajoluta/default/images/media/dis.png]
[file/D_/ramdan/computershop/gala2/demo.galathemes.com/gala-joluta/skin/frontend/galajoluta/default/images/media/miss.png]
[demo.galathemes.com/gala-joluta/skin/frontend/galajoluta/red/css/styles.css]
[file/D_/ramdan/computershop/gala2/demo.galathemes.com/gala-joluta/skin/frontend/galajoluta/default/css/widgets.css]
[file/D_/ramdan/computershop/gala2/demo.galathemes.com/gala-joluta/skin/frontend/galajoluta/default/css/em_megamenu.css]
[file/D_/ramdan/computershop/gala2/demo.galathemes.com/gala-joluta/skin/frontend/galajoluta/default/css/em_productlabels.css]
[file/D_/ramdan/computershop/gala2/demo.galathemes.com/gala-joluta/skin/frontend/base/default/css/em_quickshop.css]
[demo.galathemes.com/gala-joluta/skin/frontend/base/default/images/fancybox/fancybox.png]
[demo.galathemes.com/gala-joluta/skin/frontend/base/default/images/fancybox/fancybox-x.png]
[demo.galathemes.com/gala-joluta/skin/frontend/base/default/images/fancybox/fancybox-y.png]
[file/D_/ramdan/computershop/gala2/demo.galathemes.com/gala-joluta/skin/frontend/base/default/css/jquery.fancybox-1.3.4.css]
[file/D_/ramdan/computershop/gala2/demo.galathemes.com/gala-joluta/skin/frontend/galajoluta/default/slideshowwidget/css/wt-rotator.css]
[file/D_/ramdan/computershop/gala2/demo.galathemes.com/gala-joluta/skin/frontend/galajoluta/default/css/print.css]
[file/D_/ramdan/computershop/gala2/demo.galathemes.com/gala-joluta/js/prototype/prototype.js]
[file/D_/ramdan/computershop/gala2/demo.galathemes.com/gala-joluta/js/lib/ccard.js]
[file/D_/ramdan/computershop/gala2/demo.galathemes.com/gala-joluta/js/prototype/validation.js]
[file/D_/ramdan/computershop/gala2/demo.galathemes.com/gala-joluta/js/scriptaculous/builder.js]
[file/D_/ramdan/computershop/gala2/demo.galathemes.com/gala-joluta/js/scriptaculous/effects.js]
[file/D_/ramdan/computershop/gala2/demo.galathemes.com/gala-joluta/js/scriptaculous/dragdrop.js]
[file/D_/ramdan/computershop/gala2/demo.galathemes.com/gala-joluta/js/scriptaculous/controls.js]
[file/D_/ramdan/computershop/gala2/demo.galathemes.com/gala-joluta/js/scriptaculous/slider.js]
[file/D_/ramdan/computershop/gala2/demo.galathemes.com/gala-joluta/js/varien/js.js]
[file/D_/ramdan/computershop/gala2/demo.galathemes.com/gala-joluta/js/varien/form.js]
[file/D_/ramdan/computershop/gala2/demo.galathemes.com/gala-joluta/js/varien/menu.js]
[file/D_/ramdan/computershop/gala2/demo.galathemes.com/gala-joluta/js/mage/translate.js]
[file/D_/ramdan/computershop/gala2/demo.galathemes.com/gala-joluta/js/mage/cookies.js]
[file/D_/ramdan/computershop/gala2/demo.galathemes.com/gala-joluta/skin/frontend/galajoluta/default/js/galajoluta.js]
[file/D_/ramdan/computershop/gala2/demo.galathemes.com/gala-joluta/skin/frontend/base/default/js/jquery.js]
[file/D_/ramdan/computershop/gala2/demo.galathemes.com/gala-joluta/skin/frontend/base/default/js/jquery.fancybox-1.3.4.pack.js]
[file/D_/ramdan/computershop/gala2/demo.galathemes.com/gala-joluta/skin/frontend/base/default/js/em_quickshop.js]
[file/D_/ramdan/computershop/gala2/demo.galathemes.com/gala-joluta/skin/frontend/base/default/slideshowwidget/js/jquery-1.4.2.min.js]
[file/D_/ramdan/computershop/gala2/demo.galathemes.com/gala-joluta/skin/frontend/base/default/slideshowwidget/js/jquery.wt-rotator.js]
[file/D_/ramdan/computershop/gala2/demo.galathemes.com/gala-joluta/skin/frontend/galajoluta/default/js/jquery.tools.min.js]
[file/D_/ramdan/computershop/gala2/www.google-analytics.com/analytics.js]
[file/D_/ramdan/computershop/gala2/demo.galathemes.com/gala-joluta/index.php/customer/account/index.html]
[file/D_/ramdan/computershop/gala2/demo.galathemes.com/gala-joluta/index.php/wishlist/index.html]
[file/D_/ramdan/computershop/gala2/demo.galathemes.com/gala-joluta/index.php/checkout/index.html]
[file/D_/ramdan/computershop/gala2/demo.galathemes.com/gala-joluta/index.php/customer/account/login/index.html]
[demo.galathemes.com/gala-joluta/js/varien/weee.js]
[file/D_/ramdan/computershop/gala2/demo.galathemes.com/gala-joluta/index.php/checkout/cart/index.html]
[file/D_/ramdan/computershop/gala2/demo.galathemes.com/gala-joluta/index.php/catalogsearch/ajax/suggest/index.html]
[file/D_/ramdan/computershop/gala2/demo.galathemes.com/gala-joluta/skin/frontend/galajoluta/default/images/logo.png]
[file/D_/ramdan/computershop/gala2/demo.galathemes.com/gala-joluta/skin/frontend/galajoluta/default/images/flags/flag_french.gif]
[file/D_/ramdan/computershop/gala2/demo.galathemes.com/gala-joluta/skin/frontend/galajoluta/default/images/flags/flag_german.gif]
[demo.galathemes.com/gala-joluta/skin/frontend/galajoluta/default/images/i_asc_arrow.gif]
[demo.galathemes.com/gala-joluta/media/catalog/product/cache/3/small_image/206x216/9df78eab33525d08d6e5fb8d27136e95/1/_/1.jpg]
[demo.galathemes.com/gala-joluta/media/catalog/product/cache/3/small_image/206x216/9df78eab33525d08d6e5fb8d27136e95/2/_/2.jpg]
[demo.galathemes.com/gala-joluta/media/catalog/product/cache/3/small_image/206x216/9df78eab33525d08d6e5fb8d27136e95/3/_/3.jpg]
[demo.galathemes.com/gala-joluta/media/catalog/product/cache/3/small_image/206x216/9df78eab33525d08d6e5fb8d27136e95/5/_/5_2.jpg]
[demo.galathemes.com/gala-joluta/media/catalog/product/cache/3/small_image/206x216/9df78eab33525d08d6e5fb8d27136e95/4/_/4.jpg]
[demo.galathemes.com/gala-joluta/media/catalog/product/cache/3/small_image/206x216/9df78eab33525d08d6e5fb8d27136e95/8/_/8_2.jpg]
[demo.galathemes.com/gala-joluta/skin/frontend/galajoluta/default/images/media/diddoyou_callout.jpg]
[file/D_/ramdan/computershop/gala2/demo.galathemes.com/gala-joluta/index.php/electronics/cell-phones.html/index.html]
[demo.galathemes.com/gala-joluta/media/catalog/category/swarovski-rings_1.jpg]
[demo.galathemes.com/gala-joluta/media/catalog/product/cache/2/small_image/206x216/9df78eab33525d08d6e5fb8d27136e95/1/0/10.jpg]
[demo.galathemes.com/gala-joluta/media/catalog/product/cache/2/small_image/206x216/9df78eab33525d08d6e5fb8d27136e95/1/2/12.jpg]
[demo.galathemes.com/gala-joluta/media/catalog/product/cache/2/small_image/206x216/9df78eab33525d08d6e5fb8d27136e95/1/3/13.jpg]
[demo.galathemes.com/gala-joluta/media/catalog/product/cache/2/small_image/206x216/9df78eab33525d08d6e5fb8d27136e95/1/5/15.jpg]
[demo.galathemes.com/gala-joluta/media/catalog/product/cache/2/small_image/206x216/9df78eab33525d08d6e5fb8d27136e95/l/u/ludmilla-ring-gold-plated.jpg]
[demo.galathemes.com/gala-joluta/media/catalog/product/cache/2/small_image/206x216/9df78eab33525d08d6e5fb8d27136e95/m/a/match-ring.jpg]
[demo.galathemes.com/gala-joluta/media/catalog/product/cache/2/small_image/206x216/9df78eab33525d08d6e5fb8d27136e95/m/a/may-ring.jpg]
[demo.galathemes.com/gala-joluta/media/catalog/product/cache/2/small_image/206x216/9df78eab33525d08d6e5fb8d27136e95/m/e/melissa-vintage-rose-ring.jpg]
[demo.galathemes.com/gala-joluta/skin/frontend/galajoluta/default/images/pager_arrow_right.gif]
[file/D_/ramdan/computershop/gala2/demo.galathemes.com/gala-joluta/index.php/bracelets.html]
[demo.galathemes.com/gala-joluta/media/catalog/category/swarovski-rings_2.jpg]
[file/D_/ramdan/computershop/gala2/demo.galathemes.com/gala-joluta/index.php/necklaces.html]
[demo.galathemes.com/gala-joluta/media/catalog/category/swarovski-rings_3.jpg]
[file/D_/ramdan/computershop/gala2/demo.galathemes.com/gala-joluta/index.php/earings.html]
[demo.galathemes.com/gala-joluta/media/catalog/category/swarovski-rings_4.jpg]
[file/D_/ramdan/computershop/gala2/demo.galathemes.com/gala-joluta/index.php/wedding.html]
[demo.galathemes.com/gala-joluta/media/catalog/category/furniture.jpg]
[demo.galathemes.com/gala-joluta/media/catalog/product/cache/2/small_image/206x216/9df78eab33525d08d6e5fb8d27136e95/a/p/apple-macbook-pro-ma464ll-a-15-4-notebook-pc.jpg]
[demo.galathemes.com/gala-joluta/media/catalog/product/cache/2/small_image/206x216/9df78eab33525d08d6e5fb8d27136e95/1/4/14.jpg]
[demo.galathemes.com/gala-joluta/media/catalog/product/cache/2/small_image/206x216/9df78eab33525d08d6e5fb8d27136e95/1/6/16.jpg]
[demo.galathemes.com/gala-joluta/media/catalog/product/cache/2/small_image/206x216/9df78eab33525d08d6e5fb8d27136e95/c/o/couch.jpg]
[demo.galathemes.com/gala-joluta/media/catalog/product/cache/2/small_image/206x216/9df78eab33525d08d6e5fb8d27136e95/m/a/magento-red-furniture-set.jpg]
[demo.galathemes.com/gala-joluta/media/catalog/product/cache/2/small_image/206x216/9df78eab33525d08d6e5fb8d27136e95/images/catalog/product/placeholder/small_image.jpg]
[demo.galathemes.com/gala-joluta/media/catalog/product/cache/2/small_image/206x216/9df78eab33525d08d6e5fb8d27136e95/9/_/9.jpg]
[demo.galathemes.com/gala-joluta/media/catalog/product/cache/2/small_image/206x216/9df78eab33525d08d6e5fb8d27136e95/1/1/11.jpg]
[file/D_/ramdan/computershop/gala2/demo.galathemes.com/gala-joluta/index.php/furniture.html]
[file/D_/ramdan/computershop/gala2/demo.galathemes.com/gala-joluta/index.php/furniture/living-room.html]
[demo.galathemes.com/gala-joluta/media/catalog/category/bedroom.jpg]
[file/D_/ramdan/computershop/gala2/demo.galathemes.com/gala-joluta/index.php/furniture/bedroom.html]
[demo.galathemes.com/gala-joluta/media/catalog/category/apparel.jpg]
[demo.galathemes.com/gala-joluta/media/catalog/product/cache/2/small_image/206x216/9df78eab33525d08d6e5fb8d27136e95/1/2/12_1.jpg]
[demo.galathemes.com/gala-joluta/media/catalog/product/cache/2/small_image/206x216/9df78eab33525d08d6e5fb8d27136e95/1/0/10_1.jpg]
[demo.galathemes.com/gala-joluta/media/catalog/product/cache/2/small_image/206x216/9df78eab33525d08d6e5fb8d27136e95/8/_/8_1.jpg]
[demo.galathemes.com/gala-joluta/media/catalog/product/cache/2/small_image/206x216/9df78eab33525d08d6e5fb8d27136e95/1/6/16_1.jpg]
[demo.galathemes.com/gala-joluta/media/catalog/product/cache/2/small_image/206x216/9df78eab33525d08d6e5fb8d27136e95/5/_/5.jpg]
[demo.galathemes.com/gala-joluta/media/catalog/product/cache/2/small_image/206x216/9df78eab33525d08d6e5fb8d27136e95/6/_/6.jpg]
[demo.galathemes.com/gala-joluta/media/catalog/product/cache/2/small_image/206x216/9df78eab33525d08d6e5fb8d27136e95/7/_/7.jpg]
[demo.galathemes.com/gala-joluta/media/catalog/product/cache/2/small_image/206x216/9df78eab33525d08d6e5fb8d27136e95/8/_/8.jpg]
[file/D_/ramdan/computershop/gala2/demo.galathemes.com/gala-joluta/index.php/apparel.html]
[demo.galathemes.com/gala-joluta/media/catalog/category/shirts.jpg]
[file/D_/ramdan/computershop/gala2/demo.galathemes.com/gala-joluta/index.php/apparel/shirts.html]
[demo.galathemes.com/gala-joluta/media/catalog/category/shoes.jpg]
[demo.galathemes.com/gala-joluta/media/catalog/product/cache/2/small_image/206x216/9df78eab33525d08d6e5fb8d27136e95/1/0/10_2.jpg]
[demo.galathemes.com/gala-joluta/media/catalog/product/cache/2/small_image/206x216/9df78eab33525d08d6e5fb8d27136e95/1/7/17.jpg]
[demo.galathemes.com/gala-joluta/media/catalog/product/cache/2/small_image/206x216/9df78eab33525d08d6e5fb8d27136e95/1/8/18.jpg]
[demo.galathemes.com/gala-joluta/media/catalog/product/cache/2/small_image/206x216/9df78eab33525d08d6e5fb8d27136e95/1/5/15_1.jpg]
[file/D_/ramdan/computershop/gala2/demo.galathemes.com/gala-joluta/index.php/apparel/shoes.html]
[file/D_/ramdan/computershop/gala2/demo.galathemes.com/gala-joluta/index.php/apparel/shoes/mens.html]
[file/D_/ramdan/computershop/gala2/demo.galathemes.com/gala-joluta/index.php/apparel/shoes/womens.html]
[file/D_/ramdan/computershop/gala2/demo.galathemes.com/gala-joluta/index.php/apparel/hoodies.html]
[demo.galathemes.com/gala-joluta/media/catalog/category/swarovski-rings_5.jpg]
[file/D_/ramdan/computershop/gala2/demo.galathemes.com/gala-joluta/index.php/watches.html/index.html]
[file/D_/ramdan/computershop/gala2/demo.galathemes.com/gala-joluta/index.php/rings.html/index.html]
[demo.galathemes.com/gala-joluta/media/catalog/category/camera.jpg]
[demo.galathemes.com/gala-joluta/media/catalog/product/cache/2/small_image/206x216/9df78eab33525d08d6e5fb8d27136e95/2/_/2_1.jpg]
[demo.galathemes.com/gala-joluta/media/catalog/product/cache/2/small_image/206x216/9df78eab33525d08d6e5fb8d27136e95/3/_/3_1.jpg]
[demo.galathemes.com/gala-joluta/media/catalog/product/cache/2/small_image/206x216/9df78eab33525d08d6e5fb8d27136e95/4/_/4_1.jpg]
[demo.galathemes.com/gala-joluta/media/catalog/product/cache/2/small_image/206x216/9df78eab33525d08d6e5fb8d27136e95/5/_/5_3.jpg]
[demo.galathemes.com/gala-joluta/media/catalog/product/cache/2/small_image/206x216/9df78eab33525d08d6e5fb8d27136e95/1/_/1_1.jpg]
[demo.galathemes.com/gala-joluta/media/catalog/product/cache/2/small_image/206x216/9df78eab33525d08d6e5fb8d27136e95/6/_/6_1.jpg]
[demo.galathemes.com/gala-joluta/media/catalog/product/cache/2/small_image/206x216/9df78eab33525d08d6e5fb8d27136e95/7/_/7_1.jpg]
[demo.galathemes.com/gala-joluta/media/catalog/product/cache/2/small_image/206x216/9df78eab33525d08d6e5fb8d27136e95/8/_/8_3.jpg]
[file/D_/ramdan/computershop/gala2/demo.galathemes.com/gala-joluta/index.php/electronics/cameras.html]
[file/D_/ramdan/computershop/gala2/demo.galathemes.com/gala-joluta/index.php/electronics/cameras/accessories.html]
[file/D_/ramdan/computershop/gala2/demo.galathemes.com/gala-joluta/index.php/electronics/cameras/digital-cameras.html]
[demo.galathemes.com/gala-joluta/media/catalog/product/cache/2/small_image/206x216/9df78eab33525d08d6e5fb8d27136e95/a/c/acer-ferrari-3200-notebook-computer-pc.jpg]
[demo.galathemes.com/gala-joluta/media/catalog/product/cache/2/small_image/206x216/9df78eab33525d08d6e5fb8d27136e95/2/_/2_2.jpg]
[demo.galathemes.com/gala-joluta/media/catalog/product/cache/2/small_image/206x216/9df78eab33525d08d6e5fb8d27136e95/1/0/10_3.jpg]
[demo.galathemes.com/gala-joluta/media/catalog/product/cache/2/small_image/206x216/9df78eab33525d08d6e5fb8d27136e95/1/5/15_2.jpg]
[demo.galathemes.com/gala-joluta/media/catalog/product/cache/2/small_image/206x216/9df78eab33525d08d6e5fb8d27136e95/c/o/computer.jpg]
[demo.galathemes.com/gala-joluta/media/catalog/product/cache/2/small_image/206x216/9df78eab33525d08d6e5fb8d27136e95/t/o/toshiba-m285-e-14.jpg]
[demo.galathemes.com/gala-joluta/media/catalog/product/cache/2/small_image/206x216/9df78eab33525d08d6e5fb8d27136e95/1/6/16_2.jpg]
[file/D_/ramdan/computershop/gala2/demo.galathemes.com/gala-joluta/index.php/electronics/computers.html]
[demo.galathemes.com/gala-joluta/media/catalog/product/cache/2/small_image/206x216/9df78eab33525d08d6e5fb8d27136e95/m/y/my-computer.jpg]
[file/D_/ramdan/computershop/gala2/demo.galathemes.com/gala-joluta/index.php/electronics/computers/build-your-own.html]
[demo.galathemes.com/gala-joluta/media/catalog/product/cache/2/small_image/206x216/9df78eab33525d08d6e5fb8d27136e95/s/o/sony-vaio-11-1-notebook-pc.jpg]
[file/D_/ramdan/computershop/gala2/demo.galathemes.com/gala-joluta/index.php/electronics/computers/laptops.html]
[demo.galathemes.com/gala-joluta/media/catalog/product/cache/2/small_image/206x216/9df78eab33525d08d6e5fb8d27136e95/w/e/western-digital-1tb-hd-7200rpm.jpg]
[demo.galathemes.com/gala-joluta/media/catalog/product/cache/2/small_image/206x216/9df78eab33525d08d6e5fb8d27136e95/w/e/western-digital-500gb-hd-7200rpm.jpg]
[demo.galathemes.com/gala-joluta/media/catalog/product/cache/2/small_image/206x216/9df78eab33525d08d6e5fb8d27136e95/s/e/seagate-500gb-hd-5400rpm.jpg]
[demo.galathemes.com/gala-joluta/media/catalog/product/cache/2/small_image/206x216/9df78eab33525d08d6e5fb8d27136e95/s/e/seagate-250gb-hd-5400rpm.jpg]
[file/D_/ramdan/computershop/gala2/demo.galathemes.com/gala-joluta/index.php/electronics/computers/hard-drives.html]
[demo.galathemes.com/gala-joluta/media/catalog/product/cache/2/small_image/206x216/9df78eab33525d08d6e5fb8d27136e95/2/2/22-syncmaster-lcd-monitor.jpg]
[demo.galathemes.com/gala-joluta/media/catalog/product/cache/2/small_image/206x216/9df78eab33525d08d6e5fb8d27136e95/2/4/24-widescreen-flat-panel-lcd-monitor.jpg]
[demo.galathemes.com/gala-joluta/media/catalog/product/cache/2/small_image/206x216/9df78eab33525d08d6e5fb8d27136e95/1/9/19-widescreen-flat-panel-lcd-monitor.jpg]
[demo.galathemes.com/gala-joluta/media/catalog/product/cache/2/small_image/206x216/9df78eab33525d08d6e5fb8d27136e95/3/0/30-flat-panel-tft-lcd-cinema-hd-monitor.jpg]
[file/D_/ramdan/computershop/gala2/demo.galathemes.com/gala-joluta/index.php/electronics/computers/monitors.html]
[file/D_/ramdan/computershop/gala2/demo.galathemes.com/gala-joluta/index.php/electronics/computers/ram-memory.html]
[demo.galathemes.com/gala-joluta/media/catalog/product/cache/2/small_image/206x216/9df78eab33525d08d6e5fb8d27136e95/a/p/apevia-black-x-cruiser-case-atx-mid-tower-case-default.jpg]
[demo.galathemes.com/gala-joluta/media/catalog/product/cache/2/small_image/206x216/9df78eab33525d08d6e5fb8d27136e95/n/z/nzxt-lexa-silver-aluminum-atx-mid-tower-case-default.jpg]
[file/D_/ramdan/computershop/gala2/demo.galathemes.com/gala-joluta/index.php/electronics/computers/cases.html]
[demo.galathemes.com/gala-joluta/media/catalog/product/cache/2/small_image/206x216/9df78eab33525d08d6e5fb8d27136e95/a/m/amd-phenom-x4-9850-black-ed-2-50ghz-retail.jpg]
[demo.galathemes.com/gala-joluta/media/catalog/product/cache/2/small_image/206x216/9df78eab33525d08d6e5fb8d27136e95/a/m/amd-a64-x2-3800-2-0ghz-oem.jpg]
[demo.galathemes.com/gala-joluta/media/catalog/product/cache/2/small_image/206x216/9df78eab33525d08d6e5fb8d27136e95/i/n/intel-c2d-e8400-3-0ghz-retail.jpg]
[demo.galathemes.com/gala-joluta/media/catalog/product/cache/2/small_image/206x216/9df78eab33525d08d6e5fb8d27136e95/i/n/intel-core-2-extreme-qx9775-3-20ghz-retail.jpg]
[file/D_/ramdan/computershop/gala2/demo.galathemes.com/gala-joluta/index.php/electronics/computers/processors.html]
[demo.galathemes.com/gala-joluta/media/catalog/product/cache/2/small_image/206x216/9df78eab33525d08d6e5fb8d27136e95/m/i/microsoft-natural-ergonomic-keyboard-4000.jpg]
[demo.galathemes.com/gala-joluta/media/catalog/product/cache/2/small_image/206x216/9df78eab33525d08d6e5fb8d27136e95/l/o/logitech-cordless-optical-trackman.jpg]
[demo.galathemes.com/gala-joluta/media/catalog/product/cache/2/small_image/206x216/9df78eab33525d08d6e5fb8d27136e95/l/o/logitech-dinovo-edge-keyboard.jpg]
[demo.galathemes.com/gala-joluta/media/catalog/product/cache/2/small_image/206x216/9df78eab33525d08d6e5fb8d27136e95/m/i/microsoft-wireless-optical-mouse-5000.jpg]
[file/D_/ramdan/computershop/gala2/demo.galathemes.com/gala-joluta/index.php/electronics/computers/peripherals.html]
[demo.galathemes.com/gala-joluta/index.php/images/madness_arch2.html]
[demo.galathemes.com/gala-joluta/js/varien/product.js]
[demo.galathemes.com/gala-joluta/js/varien/configurable.js]
[demo.galathemes.com/gala-joluta/js/calendar/calendar.js]
[demo.galathemes.com/gala-joluta/js/calendar/calendar-setup.js]
[file/D_/ramdan/computershop/gala2/s7.addthis.com/static/btn/v2/lg-share-en.gif]
[demo.galathemes.com/gala-joluta/media/catalog/product/cache/2/image/9df78eab33525d08d6e5fb8d27136e95/1/_/1.jpg]
[demo.galathemes.com/gala-joluta/skin/frontend/galajoluta/default/images/slider_btn_zoom_out.gif]
[demo.galathemes.com/gala-joluta/skin/frontend/galajoluta/default/images/slider_btn_zoom_in.gif]
[demo.galathemes.com/gala-joluta/media/catalog/product/cache/2/thumbnail/113x129/9df78eab33525d08d6e5fb8d27136e95/n/o/nokia-2610-phone-1.jpg]
[demo.galathemes.com/gala-joluta/media/catalog/product/cache/2/thumbnail/113x129/9df78eab33525d08d6e5fb8d27136e95/n/o/nokia-2610-phone.jpg]
[demo.galathemes.com/gala-joluta/media/catalog/product/cache/2/thumbnail/113x129/9df78eab33525d08d6e5fb8d27136e95/1/_/1.jpg]
[demo.galathemes.com/gala-joluta/media/catalog/product/cache/2/thumbnail/206x216/9df78eab33525d08d6e5fb8d27136e95/2/_/2.jpg]
[demo.galathemes.com/gala-joluta/media/catalog/product/cache/2/thumbnail/206x216/9df78eab33525d08d6e5fb8d27136e95/3/_/3.jpg]
[demo.galathemes.com/gala-joluta/media/catalog/product/cache/2/thumbnail/206x216/9df78eab33525d08d6e5fb8d27136e95/5/_/5_2.jpg]
[demo.galathemes.com/gala-joluta/media/catalog/product/cache/2/small_image/206x216/9df78eab33525d08d6e5fb8d27136e95/s/o/sony-vaio-vgn-txn27n-b-11-1-notebook-pc.jpg]
[file/D_/ramdan/computershop/gala2/demo.galathemes.com/gala-joluta/index.php/nokia-2610-phone.html]
[demo.galathemes.com/gala-joluta/media/catalog/product/cache/2/image/9df78eab33525d08d6e5fb8d27136e95/2/_/2.jpg]
[demo.galathemes.com/gala-joluta/media/catalog/product/cache/2/thumbnail/113x129/9df78eab33525d08d6e5fb8d27136e95/b/l/blackberry-8100-pearl-1.jpg]
[demo.galathemes.com/gala-joluta/media/catalog/product/cache/2/thumbnail/113x129/9df78eab33525d08d6e5fb8d27136e95/b/l/blackberry-8100-pearl.jpg]
[demo.galathemes.com/gala-joluta/media/catalog/product/cache/2/thumbnail/113x129/9df78eab33525d08d6e5fb8d27136e95/2/_/2.jpg]
[demo.galathemes.com/gala-joluta/media/catalog/product/cache/2/thumbnail/206x216/9df78eab33525d08d6e5fb8d27136e95/1/_/1.jpg]
[file/D_/ramdan/computershop/gala2/demo.galathemes.com/gala-joluta/index.php/blackberry-8100-pearl.html]
[demo.galathemes.com/gala-joluta/media/catalog/product/cache/2/image/9df78eab33525d08d6e5fb8d27136e95/3/_/3.jpg]
[demo.galathemes.com/gala-joluta/media/catalog/product/cache/2/thumbnail/113x129/9df78eab33525d08d6e5fb8d27136e95/s/o/sony-ericsson-w810i.jpg]
[demo.galathemes.com/gala-joluta/media/catalog/product/cache/2/thumbnail/113x129/9df78eab33525d08d6e5fb8d27136e95/s/o/sony-ericsson-w810i-1.jpg]
[demo.galathemes.com/gala-joluta/media/catalog/product/cache/2/thumbnail/113x129/9df78eab33525d08d6e5fb8d27136e95/s/o/sony-ericsson-w810i-2.jpg]
[demo.galathemes.com/gala-joluta/media/catalog/product/cache/2/thumbnail/113x129/9df78eab33525d08d6e5fb8d27136e95/3/_/3.jpg]
[file/D_/ramdan/computershop/gala2/demo.galathemes.com/gala-joluta/index.php/sony-ericsson-w810i.html]
[demo.galathemes.com/gala-joluta/media/catalog/product/cache/2/image/9df78eab33525d08d6e5fb8d27136e95/4/_/4.jpg]
[demo.galathemes.com/gala-joluta/media/catalog/product/cache/2/thumbnail/113x129/9df78eab33525d08d6e5fb8d27136e95/s/a/samsung-mm-a900m-ace.jpg]
[demo.galathemes.com/gala-joluta/media/catalog/product/cache/2/thumbnail/113x129/9df78eab33525d08d6e5fb8d27136e95/4/_/4.jpg]
[file/D_/ramdan/computershop/gala2/demo.galathemes.com/gala-joluta/index.php/samsung-mm-a900m-ace.html]
[demo.galathemes.com/gala-joluta/media/catalog/product/cache/2/image/9df78eab33525d08d6e5fb8d27136e95/1/0/10.jpg]
[demo.galathemes.com/gala-joluta/media/catalog/product/cache/2/thumbnail/113x129/9df78eab33525d08d6e5fb8d27136e95/l/a/large_image_1.jpg]
[demo.galathemes.com/gala-joluta/media/catalog/product/cache/2/thumbnail/113x129/9df78eab33525d08d6e5fb8d27136e95/h/y/hyacinth-blue-ring_1.jpg]
[demo.galathemes.com/gala-joluta/media/catalog/product/cache/2/thumbnail/113x129/9df78eab33525d08d6e5fb8d27136e95/1/0/10.jpg]
[demo.galathemes.com/gala-joluta/media/swarovski.jpg]
[demo.galathemes.com/gala-joluta/media/article-demo1.jpg]
[file/D_/ramdan/computershop/gala2/demo.galathemes.com/gala-joluta/index.php/hyacinth-blue-ring.html]
[demo.galathemes.com/gala-joluta/media/catalog/product/cache/2/image/9df78eab33525d08d6e5fb8d27136e95/1/2/12.jpg]
[demo.galathemes.com/gala-joluta/media/catalog/product/cache/2/thumbnail/113x129/9df78eab33525d08d6e5fb8d27136e95/l/a/large_image_1_2.jpg]
[demo.galathemes.com/gala-joluta/media/catalog/product/cache/2/thumbnail/113x129/9df78eab33525d08d6e5fb8d27136e95/l/o/louise-jet-ring.jpg]
[demo.galathemes.com/gala-joluta/media/catalog/product/cache/2/thumbnail/113x129/9df78eab33525d08d6e5fb8d27136e95/1/2/12.jpg]
[demo.galathemes.com/gala-joluta/media/catalog/product/cache/2/thumbnail/206x216/9df78eab33525d08d6e5fb8d27136e95/1/0/10.jpg]
[file/D_/ramdan/computershop/gala2/demo.galathemes.com/gala-joluta/index.php/louise-jet-ring.html]
[demo.galathemes.com/gala-joluta/media/catalog/product/cache/2/image/9df78eab33525d08d6e5fb8d27136e95/1/3/13.jpg]
[demo.galathemes.com/gala-joluta/media/catalog/product/cache/2/thumbnail/113x129/9df78eab33525d08d6e5fb8d27136e95/l/a/large_image_1_2_1.jpg]
[demo.galathemes.com/gala-joluta/media/catalog/product/cache/2/thumbnail/113x129/9df78eab33525d08d6e5fb8d27136e95/m/a/manhattan-ring.jpg]
[demo.galathemes.com/gala-joluta/media/catalog/product/cache/2/thumbnail/113x129/9df78eab33525d08d6e5fb8d27136e95/1/3/13.jpg]
[file/D_/ramdan/computershop/gala2/demo.galathemes.com/gala-joluta/index.php/manhattan-ring.html]
[demo.galathemes.com/gala-joluta/media/catalog/product/cache/2/image/9df78eab33525d08d6e5fb8d27136e95/1/5/15.jpg]
[demo.galathemes.com/gala-joluta/media/catalog/product/cache/2/thumbnail/113x129/9df78eab33525d08d6e5fb8d27136e95/l/a/large_image_1_2_1_1.jpg]
[demo.galathemes.com/gala-joluta/media/catalog/product/cache/2/thumbnail/113x129/9df78eab33525d08d6e5fb8d27136e95/m/a/marie-crystal-moonlight-ring.jpg]
[demo.galathemes.com/gala-joluta/media/catalog/product/cache/2/thumbnail/113x129/9df78eab33525d08d6e5fb8d27136e95/1/5/15.jpg]
[demo.galathemes.com/gala-joluta/media/catalog/product/cache/2/thumbnail/206x216/9df78eab33525d08d6e5fb8d27136e95/1/2/12.jpg]
[demo.galathemes.com/gala-joluta/media/catalog/product/cache/2/thumbnail/206x216/9df78eab33525d08d6e5fb8d27136e95/1/3/13.jpg]
[file/D_/ramdan/computershop/gala2/demo.galathemes.com/gala-joluta/index.php/marie-crystal-moonlight-ring.html]
[demo.galathemes.com/gala-joluta/media/catalog/product/cache/2/image/9df78eab33525d08d6e5fb8d27136e95/a/p/apple-macbook-pro-ma464ll-a-15-4-notebook-pc.jpg]
[demo.galathemes.com/gala-joluta/media/catalog/product/cache/2/thumbnail/206x216/9df78eab33525d08d6e5fb8d27136e95/5/_/5_3.jpg]
[file/D_/ramdan/computershop/gala2/demo.galathemes.com/gala-joluta/index.php/apple-macbook-pro-ma464ll-a-15-4-notebook-pc-2-0-ghz-intel-core-duo-1-gb-ram-100-gb-hard-drive-superdrive.html]
[demo.galathemes.com/gala-joluta/media/catalog/product/cache/2/image/9df78eab33525d08d6e5fb8d27136e95/9/_/9.jpg]
[demo.galathemes.com/gala-joluta/media/catalog/product/cache/2/thumbnail/113x129/9df78eab33525d08d6e5fb8d27136e95/a/k/akio-dresser.jpg]
[demo.galathemes.com/gala-joluta/media/catalog/product/cache/2/thumbnail/113x129/9df78eab33525d08d6e5fb8d27136e95/9/_/9.jpg]
[file/D_/ramdan/computershop/gala2/demo.galathemes.com/gala-joluta/index.php/akio-dresser.html]
[demo.galathemes.com/gala-joluta/media/catalog/product/cache/2/image/9df78eab33525d08d6e5fb8d27136e95/1/1/11.jpg]
[demo.galathemes.com/gala-joluta/media/catalog/product/cache/2/thumbnail/113x129/9df78eab33525d08d6e5fb8d27136e95/b/a/barcelona-bamboo-platform-bed.jpg]
[demo.galathemes.com/gala-joluta/media/catalog/product/cache/2/thumbnail/113x129/9df78eab33525d08d6e5fb8d27136e95/1/1/11.jpg]
[file/D_/ramdan/computershop/gala2/demo.galathemes.com/gala-joluta/index.php/barcelona-bamboo-platform-bed.html]
[demo.galathemes.com/gala-joluta/media/catalog/product/cache/2/image/9df78eab33525d08d6e5fb8d27136e95/1/4/14.jpg]
[demo.galathemes.com/gala-joluta/media/catalog/product/cache/2/thumbnail/113x129/9df78eab33525d08d6e5fb8d27136e95/o/t/ottoman.jpg]
[demo.galathemes.com/gala-joluta/media/catalog/product/cache/2/thumbnail/113x129/9df78eab33525d08d6e5fb8d27136e95/1/4/14.jpg]
[demo.galathemes.com/gala-joluta/media/catalog/product/cache/2/thumbnail/206x216/9df78eab33525d08d6e5fb8d27136e95/1/6/16.jpg]
[file/D_/ramdan/computershop/gala2/demo.galathemes.com/gala-joluta/index.php/ottoman.html]
[demo.galathemes.com/gala-joluta/media/catalog/product/cache/2/image/9df78eab33525d08d6e5fb8d27136e95/5/_/5.jpg]
[demo.galathemes.com/gala-joluta/media/catalog/product/cache/2/thumbnail/113x129/9df78eab33525d08d6e5fb8d27136e95/t/h/the-get-up-kids-band-camp-pullover-hoodie.jpg]
[demo.galathemes.com/gala-joluta/media/catalog/product/cache/2/thumbnail/113x129/9df78eab33525d08d6e5fb8d27136e95/t/h/the-get-up-kids-band-camp-pullover-hoodie-1.jpg]
[demo.galathemes.com/gala-joluta/media/catalog/product/cache/2/thumbnail/113x129/9df78eab33525d08d6e5fb8d27136e95/5/_/5.jpg]
[file/D_/ramdan/computershop/gala2/demo.galathemes.com/gala-joluta/index.php/the-get-up-kids-band-camp-pullover-hoodie.html]
[demo.galathemes.com/gala-joluta/media/catalog/product/cache/2/image/9df78eab33525d08d6e5fb8d27136e95/6/_/6.jpg]
[demo.galathemes.com/gala-joluta/media/catalog/product/cache/2/thumbnail/113x129/9df78eab33525d08d6e5fb8d27136e95/c/n/cn-clogs-beach-garden-clog.jpg]
[demo.galathemes.com/gala-joluta/media/catalog/product/cache/2/thumbnail/113x129/9df78eab33525d08d6e5fb8d27136e95/c/n/cn-clogs-beach-garden-clog-2.jpg]
[demo.galathemes.com/gala-joluta/media/catalog/product/cache/2/thumbnail/113x129/9df78eab33525d08d6e5fb8d27136e95/c/n/cn-clogs-beach-garden-clog-1.jpg]
[demo.galathemes.com/gala-joluta/media/catalog/product/cache/2/thumbnail/113x129/9df78eab33525d08d6e5fb8d27136e95/6/_/6.jpg]
[file/D_/ramdan/computershop/gala2/demo.galathemes.com/gala-joluta/index.php/cn-clogs-beach-garden-clog.html]
[demo.galathemes.com/gala-joluta/media/catalog/product/cache/2/image/9df78eab33525d08d6e5fb8d27136e95/7/_/7.jpg]
[demo.galathemes.com/gala-joluta/media/catalog/product/cache/2/thumbnail/113x129/9df78eab33525d08d6e5fb8d27136e95/a/s/asics-men-s-gel-kayano-xii-2.jpg]
[demo.galathemes.com/gala-joluta/media/catalog/product/cache/2/thumbnail/113x129/9df78eab33525d08d6e5fb8d27136e95/a/s/asics-men-s-gel-kayano-xii-1.jpg]
[demo.galathemes.com/gala-joluta/media/catalog/product/cache/2/thumbnail/113x129/9df78eab33525d08d6e5fb8d27136e95/a/s/asics-men-s-gel-kayano-xii.jpg]
[demo.galathemes.com/gala-joluta/media/catalog/product/cache/2/thumbnail/113x129/9df78eab33525d08d6e5fb8d27136e95/7/_/7.jpg]
[file/D_/ramdan/computershop/gala2/demo.galathemes.com/gala-joluta/index.php/asics-men-s-gel-kayano-xii.html]
[demo.galathemes.com/gala-joluta/media/catalog/product/cache/2/image/9df78eab33525d08d6e5fb8d27136e95/8/_/8.jpg]
[demo.galathemes.com/gala-joluta/media/catalog/product/cache/2/thumbnail/113x129/9df78eab33525d08d6e5fb8d27136e95/k/e/kenneth-cole-new-york-men-s-con-verge-slip-on.jpg]
[demo.galathemes.com/gala-joluta/media/catalog/product/cache/2/thumbnail/113x129/9df78eab33525d08d6e5fb8d27136e95/8/_/8.jpg]
[file/D_/ramdan/computershop/gala2/demo.galathemes.com/gala-joluta/index.php/kenneth-cole-new-york-men-s-con-verge-slip-on.html]
[demo.galathemes.com/gala-joluta/media/catalog/product/cache/2/image/9df78eab33525d08d6e5fb8d27136e95/1/7/17.jpg]
[demo.galathemes.com/gala-joluta/media/catalog/product/cache/2/thumbnail/113x129/9df78eab33525d08d6e5fb8d27136e95/s/t/steven-by-steve-madden-pryme-pump.jpg]
[demo.galathemes.com/gala-joluta/media/catalog/product/cache/2/thumbnail/113x129/9df78eab33525d08d6e5fb8d27136e95/s/t/steven-by-steve-madden-pryme-pump-2.jpg]
[demo.galathemes.com/gala-joluta/media/catalog/product/cache/2/thumbnail/113x129/9df78eab33525d08d6e5fb8d27136e95/s/t/steven-by-steve-madden-pryme-pump-1.jpg]
[demo.galathemes.com/gala-joluta/media/catalog/product/cache/2/thumbnail/113x129/9df78eab33525d08d6e5fb8d27136e95/1/7/17.jpg]
[file/D_/ramdan/computershop/gala2/demo.galathemes.com/gala-joluta/index.php/steven-by-steve-madden-pryme-pump.html]
[demo.galathemes.com/gala-joluta/media/catalog/product/cache/2/image/9df78eab33525d08d6e5fb8d27136e95/1/8/18.jpg]
[demo.galathemes.com/gala-joluta/media/catalog/product/cache/2/thumbnail/113x129/9df78eab33525d08d6e5fb8d27136e95/n/i/nine-west-women-s-lucero-pump.jpg]
[demo.galathemes.com/gala-joluta/media/catalog/product/cache/2/thumbnail/113x129/9df78eab33525d08d6e5fb8d27136e95/n/i/nine-west-women-s-lucero-pump-1.jpg]
[demo.galathemes.com/gala-joluta/media/catalog/product/cache/2/thumbnail/113x129/9df78eab33525d08d6e5fb8d27136e95/n/i/nine-west-women-s-lucero-pump-2.jpg]
[demo.galathemes.com/gala-joluta/media/catalog/product/cache/2/thumbnail/113x129/9df78eab33525d08d6e5fb8d27136e95/1/8/18.jpg]
[file/D_/ramdan/computershop/gala2/demo.galathemes.com/gala-joluta/index.php/nine-west-women-s-lucero-pump.html]
[demo.galathemes.com/gala-joluta/media/catalog/product/cache/2/image/9df78eab33525d08d6e5fb8d27136e95/1/5/15_1.jpg]
[demo.galathemes.com/gala-joluta/media/catalog/product/cache/2/thumbnail/113x129/9df78eab33525d08d6e5fb8d27136e95/e/c/ecco-womens-golf-flexor-golf-shoe.jpg]
[demo.galathemes.com/gala-joluta/media/catalog/product/cache/2/thumbnail/113x129/9df78eab33525d08d6e5fb8d27136e95/e/c/ecco-womens-golf-flexor-golf-shoe-1.jpg]
[demo.galathemes.com/gala-joluta/media/catalog/product/cache/2/thumbnail/113x129/9df78eab33525d08d6e5fb8d27136e95/e/c/ecco-womens-golf-flexor-golf-shoe-2.jpg]
[demo.galathemes.com/gala-joluta/media/catalog/product/cache/2/thumbnail/113x129/9df78eab33525d08d6e5fb8d27136e95/1/5/15_1.jpg]
[file/D_/ramdan/computershop/gala2/demo.galathemes.com/gala-joluta/index.php/ecco-womens-golf-flexor-golf-shoe.html]
[demo.galathemes.com/gala-joluta/media/catalog/product/cache/2/image/9df78eab33525d08d6e5fb8d27136e95/1/2/12_1.jpg]
[demo.galathemes.com/gala-joluta/media/catalog/product/cache/2/thumbnail/113x129/9df78eab33525d08d6e5fb8d27136e95/c/o/coalesce-functioning-on-impatience-t-shirt.jpg]
[demo.galathemes.com/gala-joluta/media/catalog/product/cache/2/thumbnail/113x129/9df78eab33525d08d6e5fb8d27136e95/c/o/coalesce-functioning-on-impatience-t-shirt-1.jpg]
[demo.galathemes.com/gala-joluta/media/catalog/product/cache/2/thumbnail/113x129/9df78eab33525d08d6e5fb8d27136e95/1/2/12_1.jpg]
[file/D_/ramdan/computershop/gala2/demo.galathemes.com/gala-joluta/index.php/coalesce-functioning-on-impatience-t-shirt.html]
[demo.galathemes.com/gala-joluta/media/catalog/product/cache/2/image/9df78eab33525d08d6e5fb8d27136e95/1/0/10_1.jpg]
[demo.galathemes.com/gala-joluta/media/catalog/product/cache/2/thumbnail/113x129/9df78eab33525d08d6e5fb8d27136e95/i/n/ink-eater-krylon-bombear-destroyed-tee.jpg]
[demo.galathemes.com/gala-joluta/media/catalog/product/cache/2/thumbnail/113x129/9df78eab33525d08d6e5fb8d27136e95/i/n/ink-eater-krylon-bombear-destroyed-tee-1.jpg]
[demo.galathemes.com/gala-joluta/media/catalog/product/cache/2/thumbnail/113x129/9df78eab33525d08d6e5fb8d27136e95/1/0/10_1.jpg]
[file/D_/ramdan/computershop/gala2/demo.galathemes.com/gala-joluta/index.php/ink-eater-krylon-bombear-destroyed-tee.html]
[demo.galathemes.com/gala-joluta/media/catalog/product/cache/2/image/9df78eab33525d08d6e5fb8d27136e95/8/_/8_1.jpg]
[demo.galathemes.com/gala-joluta/media/catalog/product/cache/2/thumbnail/113x129/9df78eab33525d08d6e5fb8d27136e95/t/h/the-only-children-paisley-t-shirt.jpg]
[demo.galathemes.com/gala-joluta/media/catalog/product/cache/2/thumbnail/113x129/9df78eab33525d08d6e5fb8d27136e95/8/_/8_1.jpg]
[file/D_/ramdan/computershop/gala2/demo.galathemes.com/gala-joluta/index.php/the-only-children-paisley-t-shirt.html]
[demo.galathemes.com/gala-joluta/media/catalog/product/cache/2/image/9df78eab33525d08d6e5fb8d27136e95/1/6/16_1.jpg]
[demo.galathemes.com/gala-joluta/media/catalog/product/cache/2/thumbnail/113x129/9df78eab33525d08d6e5fb8d27136e95/z/o/zolof-the-rock-and-roll-destroyer-lol-cat-t-shirt.jpg]
[demo.galathemes.com/gala-joluta/media/catalog/product/cache/2/thumbnail/113x129/9df78eab33525d08d6e5fb8d27136e95/z/o/zolof-the-rock-and-roll-destroyer-lol-cat-t-shirt-2.jpg]
[demo.galathemes.com/gala-joluta/media/catalog/product/cache/2/thumbnail/113x129/9df78eab33525d08d6e5fb8d27136e95/z/o/zolof-the-rock-and-roll-destroyer-lol-cat-t-shirt-1.jpg]
[demo.galathemes.com/gala-joluta/media/catalog/product/cache/2/thumbnail/113x129/9df78eab33525d08d6e5fb8d27136e95/5/_/5_1.jpg]
[demo.galathemes.com/gala-joluta/media/catalog/product/cache/2/thumbnail/113x129/9df78eab33525d08d6e5fb8d27136e95/1/6/16_1.jpg]
[file/D_/ramdan/computershop/gala2/demo.galathemes.com/gala-joluta/index.php/zolof-the-rock-and-roll-destroyer-lol-cat-t-shirt.html]
[demo.galathemes.com/gala-joluta/media/catalog/product/cache/2/image/9df78eab33525d08d6e5fb8d27136e95/1/0/10_2.jpg]
[demo.galathemes.com/gala-joluta/media/catalog/product/cache/2/thumbnail/113x129/9df78eab33525d08d6e5fb8d27136e95/a/n/anashria-womens-premier-leather-sandal.jpg]
[demo.galathemes.com/gala-joluta/media/catalog/product/cache/2/thumbnail/113x129/9df78eab33525d08d6e5fb8d27136e95/a/n/anashria-womens-premier-leather-sandal-1.jpg]
[demo.galathemes.com/gala-joluta/media/catalog/product/cache/2/thumbnail/113x129/9df78eab33525d08d6e5fb8d27136e95/a/n/anashria-womens-premier-leather-sandal-2.jpg]
[demo.galathemes.com/gala-joluta/media/catalog/product/cache/2/thumbnail/113x129/9df78eab33525d08d6e5fb8d27136e95/1/0/10_2.jpg]
[file/D_/ramdan/computershop/gala2/demo.galathemes.com/gala-joluta/index.php/anashria-womens-premier-leather-sandal.html]
[file/D_/ramdan/computershop/gala2/demo.galathemes.com/gala-joluta/index.php/review/product/list/id/25/index.html]
[file/D_/ramdan/computershop/gala2/demo.galathemes.com/gala-joluta/index.php/review/product/list/id/41/index.html]
[file/D_/ramdan/computershop/gala2/demo.galathemes.com/gala-joluta/index.php/review/product/list/id/187/index.html]
[file/D_/ramdan/computershop/gala2/demo.galathemes.com/gala-joluta/index.php/review/product/list/id/188/index.html]
[file/D_/ramdan/computershop/gala2/demo.galathemes.com/gala-joluta/index.php/review/product/list/id/189/index.html]
[demo.galathemes.com/gala-joluta/skin/frontend/galajoluta/default/images/bkg-wapper-main.jpg]
[demo.galathemes.com/gala-joluta/skin/frontend/galajoluta/default/images/bkg-footer.gif]
[demo.galathemes.com/gala-joluta/skin/frontend/galajoluta/default/images/bkg-main-top-1.png]
[demo.galathemes.com/gala-joluta/skin/frontend/galajoluta/default/images/bkg-main-bottom.png]
[demo.galathemes.com/gala-joluta/skin/frontend/galajoluta/default/images/bkg-layout-col2-left.png]
[demo.galathemes.com/gala-joluta/skin/frontend/galajoluta/default/images/bkg_main2.png]
[demo.galathemes.com/gala-joluta/skin/frontend/galajoluta/default/images/bkg_main-inner2.png]
[demo.galathemes.com/gala-joluta/skin/frontend/galajoluta/default/images/btn4.png]
[demo.galathemes.com/gala-joluta/skin/frontend/galajoluta/default/images/btn6.png]
[demo.galathemes.com/gala-joluta/skin/frontend/galajoluta/default/images/btn3.png]
[demo.galathemes.com/gala-joluta/skin/frontend/galajoluta/default/images/i-back.png]
[demo.galathemes.com/gala-joluta/skin/frontend/galajoluta/default/images/bkg-message.gif]
[demo.galathemes.com/gala-joluta/skin/frontend/galajoluta/default/images/i_msg-error.gif]
[demo.galathemes.com/gala-joluta/skin/frontend/galajoluta/default/images/i_msg-note.gif]
[demo.galathemes.com/gala-joluta/skin/frontend/galajoluta/default/images/i_breadcrumb-seperator.gif]
[demo.galathemes.com/gala-joluta/skin/frontend/galajoluta/default/images/bkg-options.gif]
[demo.galathemes.com/gala-joluta/skin/frontend/galajoluta/default/images/bkg_viewmode_2.png]
[demo.galathemes.com/gala-joluta/skin/frontend/galajoluta/default/images/bkg-tbl-shopping.png]
[demo.galathemes.com/gala-joluta/skin/frontend/galajoluta/default/images/bkg_collapse.gif]
[demo.galathemes.com/gala-joluta/skin/frontend/galajoluta/default/images/btn_wishlist.png]
[demo.galathemes.com/gala-joluta/skin/frontend/galajoluta/default/images/btn_compare.png]
[demo.galathemes.com/gala-joluta/skin/frontend/galajoluta/default/images/i_rss.gif]
[demo.galathemes.com/gala-joluta/skin/frontend/galajoluta/default/images/btn_remove.gif]
[demo.galathemes.com/gala-joluta/skin/frontend/galajoluta/default/images/btn_remove2.gif]
[demo.galathemes.com/gala-joluta/skin/frontend/galajoluta/default/images/bkg_divider1.gif]
[demo.galathemes.com/gala-joluta/skin/frontend/galajoluta/default/images/i_notice.gif]
[demo.galathemes.com/gala-joluta/skin/frontend/galajoluta/default/images/bkg-header.png]
[demo.galathemes.com/gala-joluta/skin/frontend/galajoluta/default/images/i-line-top-1.gif]
[demo.galathemes.com/gala-joluta/skin/frontend/galajoluta/default/images/btn_livechat.png]
[demo.galathemes.com/gala-joluta/skin/frontend/galajoluta/default/images/bkg-form-search.png]
[demo.galathemes.com/gala-joluta/skin/frontend/galajoluta/default/images/i_search.png]
[demo.galathemes.com/gala-joluta/skin/frontend/galajoluta/default/images/i_block-freeshipping.png]
[demo.galathemes.com/gala-joluta/skin/frontend/galajoluta/default/images/bkg-title-block.gif]
[demo.galathemes.com/gala-joluta/skin/frontend/galajoluta/default/images/bkg_node1.png]
[demo.galathemes.com/gala-joluta/skin/frontend/galajoluta/default/images/bkg_node3.png]
[demo.galathemes.com/gala-joluta/skin/frontend/galajoluta/default/images/btn1.png]
[demo.galathemes.com/gala-joluta/skin/frontend/galajoluta/default/images/i_print.gif]
[demo.galathemes.com/gala-joluta/skin/frontend/galajoluta/default/images/btn-close-compare.png]
[demo.galathemes.com/gala-joluta/skin/frontend/galajoluta/default/images/btn_remove1.gif]
[demo.galathemes.com/gala-joluta/skin/frontend/galajoluta/default/images/btn2.png]
[demo.galathemes.com/gala-joluta/skin/frontend/galajoluta/default/images/i-next-multi.png]
[demo.galathemes.com/gala-joluta/skin/frontend/galajoluta/default/images/bkg_main.png]
[demo.galathemes.com/gala-joluta/skin/frontend/galajoluta/default/images/bkg_main-inner.png]
[demo.galathemes.com/gala-joluta/skin/frontend/galajoluta/default/images/bkg-list-product.gif]
[demo.galathemes.com/gala-joluta/skin/frontend/galajoluta/default/images/i_review.png]
[demo.galathemes.com/gala-joluta/skin/frontend/galajoluta/default/images/i_availability_only.gif]
[demo.galathemes.com/gala-joluta/skin/frontend/galajoluta/default/images/i_availability_only_arrow.gif]
[demo.galathemes.com/gala-joluta/skin/frontend/galajoluta/default/images/i_email.png]
[demo.galathemes.com/gala-joluta/skin/frontend/galajoluta/default/images/i_tier.gif]
[demo.galathemes.com/gala-joluta/skin/frontend/galajoluta/default/images/bkg-title-detail.png]
[demo.galathemes.com/gala-joluta/skin/frontend/galajoluta/default/images/slider_bg.gif]
[demo.galathemes.com/gala-joluta/skin/frontend/galajoluta/default/images/magnifier_handle.gif]
[demo.galathemes.com/gala-joluta/skin/frontend/galajoluta/default/images/i-available.png]
[demo.galathemes.com/gala-joluta/skin/frontend/galajoluta/default/images/i-opc-2.gif]
[demo.galathemes.com/gala-joluta/skin/frontend/galajoluta/default/images/bkg-title-detail-456.png]
[demo.galathemes.com/gala-joluta/skin/frontend/galajoluta/default/images/1-star.png]
[demo.galathemes.com/gala-joluta/skin/frontend/galajoluta/default/images/2-star.png]
[demo.galathemes.com/gala-joluta/skin/frontend/galajoluta/default/images/3-star.png]
[demo.galathemes.com/gala-joluta/skin/frontend/galajoluta/default/images/4-star.png]
[demo.galathemes.com/gala-joluta/skin/frontend/galajoluta/default/images/5-star.png]
[demo.galathemes.com/gala-joluta/skin/frontend/galajoluta/default/images/i_search_criteria.gif]
[demo.galathemes.com/gala-joluta/skin/frontend/galajoluta/default/images/bkg-wapper.jpg]
[demo.galathemes.com/gala-joluta/skin/frontend/galajoluta/default/images/bkg-index-content-1.png]
[demo.galathemes.com/gala-joluta/skin/frontend/galajoluta/default/images/bkg-index-title-1.png]
[demo.galathemes.com/gala-joluta/skin/frontend/galajoluta/default/images/i-node-2.gif]
[demo.galathemes.com/gala-joluta/skin/frontend/galajoluta/default/images/i_rss-big.png]
[demo.galathemes.com/gala-joluta/skin/frontend/galajoluta/default/images/bkg-h2-base.png]
[demo.galathemes.com/gala-joluta/skin/frontend/galajoluta/default/images/bkg-h2-discout.png]
[demo.galathemes.com/gala-joluta/skin/frontend/galajoluta/default/images/bkg-h2-estimate.png]
[demo.galathemes.com/gala-joluta/skin/frontend/galajoluta/default/images/bkg-h2-order-toltals.png]
[demo.galathemes.com/gala-joluta/skin/frontend/galajoluta/default/images/i-next-multi.gif]
[demo.galathemes.com/gala-joluta/skin/frontend/galajoluta/default/images/btn_window_close.gif]
[demo.galathemes.com/gala-joluta/skin/frontend/galajoluta/default/images/bkg_collapse-gm.gif]
[demo.galathemes.com/gala-joluta/skin/frontend/galajoluta/default/images/btn_gm-close.gif]
[demo.galathemes.com/gala-joluta/skin/frontend/galajoluta/default/images/bkg-incomplete.gif]
[demo.galathemes.com/gala-joluta/skin/frontend/galajoluta/default/images/bkg-complete.gif]
[demo.galathemes.com/gala-joluta/skin/frontend/galajoluta/default/images/i-space-1.png]
[demo.galathemes.com/gala-joluta/skin/frontend/galajoluta/default/images/i-opc-1.gif]
[demo.galathemes.com/gala-joluta/skin/frontend/galajoluta/default/images/bkg_opc-title.png]
[demo.galathemes.com/gala-joluta/skin/frontend/galajoluta/default/images/bkg-table-678.png]
[demo.galathemes.com/gala-joluta/skin/frontend/galajoluta/default/images/bkg_sp-methods.gif]
[demo.galathemes.com/gala-joluta/skin/frontend/galajoluta/default/images/bkg-title-account-1.png]
[demo.galathemes.com/gala-joluta/skin/frontend/galajoluta/default/images/bkg-table-682.png]
[demo.galathemes.com/gala-joluta/skin/frontend/galajoluta/default/images/bkg-table-bottom.gif]
[demo.galathemes.com/gala-joluta/skin/frontend/galajoluta/default/images/i_ma-info.png]
[demo.galathemes.com/gala-joluta/skin/frontend/galajoluta/default/images/i_ma-recent-1.png]
[demo.galathemes.com/gala-joluta/skin/frontend/galajoluta/default/images/i_ma-addressbook.png]
[demo.galathemes.com/gala-joluta/skin/frontend/galajoluta/default/images/btn5.png]
[demo.galathemes.com/gala-joluta/skin/frontend/galajoluta/default/images/i_ma-dashboard.png]
[demo.galathemes.com/gala-joluta/skin/frontend/galajoluta/default/images/bkg-table-bottom.png]
[demo.galathemes.com/gala-joluta/skin/frontend/galajoluta/default/images/i_ma-recent.png]
[demo.galathemes.com/gala-joluta/skin/frontend/galajoluta/default/images/bkg_node2.gif]
[demo.galathemes.com/gala-joluta/skin/frontend/galajoluta/default/images/bkg_pipe1.png]
[demo.galathemes.com/gala-joluta/skin/frontend/galajoluta/default/images/i-dot-footer-1.gif]
[demo.galathemes.com/gala-joluta/skin/frontend/galajoluta/default/images/bkg-line-col-4.gif]
[demo.galathemes.com/gala-joluta/skin/frontend/galajoluta/default/images/bkg-top-475.png]
[demo.galathemes.com/gala-joluta/skin/frontend/galajoluta/default/images/bkg-bottom-475.png]
[demo.galathemes.com/gala-joluta/skin/frontend/galajoluta/default/images/bkg-line-2.gif]
[demo.galathemes.com/gala-joluta/skin/frontend/galajoluta/default/images/i-node-1.png]
[demo.galathemes.com/gala-joluta/skin/frontend/galajoluta/default/images/bkg_topnav_btn.png]
[demo.galathemes.com/gala-joluta/skin/frontend/galajoluta/default/images/bkg-index-content-2.png]
[demo.galathemes.com/gala-joluta/skin/frontend/galajoluta/default/images/bkg-banner.png]
[demo.galathemes.com/gala-joluta/skin/frontend/galajoluta/default/images/i_slideshow-buttons.png]
[demo.galathemes.com/gala-joluta/skin/frontend/galajoluta/default/images/next-extends-1.gif]
[demo.galathemes.com/gala-joluta/skin/frontend/galajoluta/default/images/prev-extends-1.gif]
[demo.galathemes.com/gala-joluta/skin/frontend/galajoluta/default/images/next-footer.png]
[demo.galathemes.com/gala-joluta/skin/frontend/galajoluta/default/images/prev-footer.png]
[demo.galathemes.com/gala-joluta/skin/frontend/galajoluta/default/images/next-2.png]
[demo.galathemes.com/gala-joluta/skin/frontend/galajoluta/default/images/prev-2.png]
[demo.galathemes.com/gala-joluta/skin/frontend/galajoluta/default/css/styles_layout.css]
[demo.galathemes.com/gala-joluta/skin/frontend/galajoluta/red/images/i_msg-success.gif]
[demo.galathemes.com/gala-joluta/skin/frontend/galajoluta/red/images/btn4.png]
[demo.galathemes.com/gala-joluta/skin/frontend/galajoluta/red/images/bkg-nav.png]
[demo.galathemes.com/gala-joluta/skin/frontend/galajoluta/red/images/bkg-submenu-a-hover.png]
[demo.galathemes.com/gala-joluta/skin/frontend/galajoluta/red/images/bkg-submenu-first-a-hover.png]
[demo.galathemes.com/gala-joluta/skin/frontend/galajoluta/red/images/bkg-submenu-last-a-hover.png]
[demo.galathemes.com/gala-joluta/skin/frontend/galajoluta/red/images/bkg-submenu-div.png]
[demo.galathemes.com/gala-joluta/skin/frontend/galajoluta/red/images/drop2.png]
[demo.galathemes.com/gala-joluta/skin/frontend/galajoluta/red/images/bkg-breadcrumbs.gif]
[demo.galathemes.com/gala-joluta/skin/frontend/galajoluta/red/images/rating-bottom.png]
[demo.galathemes.com/gala-joluta/skin/frontend/galajoluta/red/images/btn_wishlist.png]
[demo.galathemes.com/gala-joluta/skin/frontend/galajoluta/red/images/btn_compare.png]
[demo.galathemes.com/gala-joluta/skin/frontend/galajoluta/red/images/btn7.png]
[demo.galathemes.com/gala-joluta/skin/frontend/galajoluta/red/images/bkg-pager-current.gif]
[demo.galathemes.com/gala-joluta/skin/frontend/galajoluta/red/images/btn-ma-edit.png]
[demo.galathemes.com/gala-joluta/skin/frontend/galajoluta/red/images/i-next-1.gif]
[demo.galathemes.com/gala-joluta/skin/frontend/galajoluta/red/images/bkg-slider-1.png]
[demo.galathemes.com/gala-joluta/skin/frontend/galajoluta/red/css/styles_color.css]
[demo.galathemes.com/gala-joluta/skin/frontend/galajoluta/default/images/widgets/i_widget-new.html]
[demo.galathemes.com/gala-joluta/skin/frontend/galajoluta/default/images/widgets/i_block-list.html]
[demo.galathemes.com/gala-joluta/skin/frontend/galajoluta/default/images/widgets/i_widget-link.html]
[demo.galathemes.com/gala-joluta/skin/frontend/galajoluta/default/css/img/plus.html]
[demo.galathemes.com/gala-joluta/skin/frontend/galajoluta/default/images/productlabel_icons.html]
[demo.galathemes.com/gala-joluta/skin/frontend/base/default/images/close.html]
[demo.galathemes.com/gala-joluta/skin/frontend/base/default/css/blank.html]
[demo.galathemes.com/gala-joluta/skin/frontend/base/default/css/fancy_title_over.html]
[demo.galathemes.com/gala-joluta/skin/frontend/base/default/images/fancybox/fancybox/fancy_close.html]
[demo.galathemes.com/gala-joluta/skin/frontend/base/default/images/fancybox/fancybox/fancy_nav_left.html]
[demo.galathemes.com/gala-joluta/skin/frontend/base/default/images/fancybox/fancybox/fancy_nav_right.html]
[demo.galathemes.com/gala-joluta/skin/frontend/base/default/images/fancybox/fancybox/fancy_title_over.html]
[demo.galathemes.com/gala-joluta/skin/frontend/base/default/images/fancybox/fancybox/fancy_title_left.html]
[demo.galathemes.com/gala-joluta/skin/frontend/base/default/images/fancybox/fancybox/fancy_title_main.html]
[demo.galathemes.com/gala-joluta/skin/frontend/base/default/images/fancybox/fancybox/fancy_title_right.html]
[demo.galathemes.com/gala-joluta/skin/frontend/base/default/images/fancybox/fancybox/fancy_loading.html]
[demo.galathemes.com/gala-joluta/skin/frontend/base/default/images/fancybox/fancybox/fancy_shadow_n.html]
[demo.galathemes.com/gala-joluta/skin/frontend/base/default/images/fancybox/fancybox/fancy_shadow_ne.html]
[demo.galathemes.com/gala-joluta/skin/frontend/base/default/images/fancybox/fancybox/fancy_shadow_e.html]
[demo.galathemes.com/gala-joluta/skin/frontend/base/default/images/fancybox/fancybox/fancy_shadow_se.html]
[demo.galathemes.com/gala-joluta/skin/frontend/base/default/images/fancybox/fancybox/fancy_shadow_s.html]
[demo.galathemes.com/gala-joluta/skin/frontend/base/default/images/fancybox/fancybox/fancy_shadow_sw.html]
[demo.galathemes.com/gala-joluta/skin/frontend/base/default/images/fancybox/fancybox/fancy_shadow_w.html]
[demo.galathemes.com/gala-joluta/skin/frontend/base/default/images/fancybox/fancybox/fancy_shadow_nw.html]
[demo.galathemes.com/gala-joluta/skin/frontend/galajoluta/default/slideshowwidget/css/assets/loader.html]
[demo.galathemes.com/gala-joluta/skin/frontend/galajoluta/default/slideshowwidget/css/assets/pause.html]
[demo.galathemes.com/gala-joluta/skin/frontend/galajoluta/default/slideshowwidget/css/assets/tail.html]
[demo.galathemes.com/gala-joluta/skin/frontend/galajoluta/default/slideshowwidget/css/assets/rev_tail.html]
[file/D_/ramdan/computershop/gala2/demo.galathemes.com/gala-joluta/skin/frontend/galajoluta/default/css/styles.css]
[demo.galathemes.com/gala-joluta/js/calendar/menuarrow.gif]
[demo.galathemes.com/gala-joluta/js/calendar/calendar-win2k-1.css]
[connect.facebook.net/{FACEBOOK_LANG}/sdk.js]
[tjs.sjs.sinajs.cn/open/api/js/wb.js]
[platform.twitter.com/widgets.js]
[platform.foursquare.com/js/widgets.js]
[assets.pinterest.com/js/pinit.js]
[file/D_/ramdan/computershop/gala2/s7.addthis.com/js/250/addthis_widget.js]
[demo.galathemes.com/gala-joluta/skin/frontend/galajoluta/default/images/i_msg-success.gif]
[demo.galathemes.com/gala-joluta/skin/frontend/galajoluta/default/images/bkg-nav.png]
[demo.galathemes.com/gala-joluta/skin/frontend/galajoluta/default/images/bkg-submenu-a-hover.png]
[demo.galathemes.com/gala-joluta/skin/frontend/galajoluta/default/images/bkg-submenu-first-a-hover.png]
[demo.galathemes.com/gala-joluta/skin/frontend/galajoluta/default/images/bkg-submenu-last-a-hover.png]
[demo.galathemes.com/gala-joluta/skin/frontend/galajoluta/default/images/bkg-submenu-div.png]
[demo.galathemes.com/gala-joluta/skin/frontend/galajoluta/default/images/drop2.png]
[demo.galathemes.com/gala-joluta/skin/frontend/galajoluta/default/images/bkg-breadcrumbs.gif]
[demo.galathemes.com/gala-joluta/skin/frontend/galajoluta/default/images/btn7.png]
[demo.galathemes.com/gala-joluta/skin/frontend/galajoluta/default/images/bkg-pager-current.gif]
[demo.galathemes.com/gala-joluta/skin/frontend/galajoluta/default/images/rating-top.png]
[demo.galathemes.com/gala-joluta/skin/frontend/galajoluta/default/images/rating-bottom.png]
[demo.galathemes.com/gala-joluta/skin/frontend/galajoluta/default/images/btn-ma-edit.png]
[demo.galathemes.com/gala-joluta/skin/frontend/galajoluta/default/images/i-next-1.gif]
[demo.galathemes.com/gala-joluta/skin/frontend/galajoluta/default/images/bkg-slider-1.png]
[demo.galathemes.com/gala-joluta/skin/frontend/galajoluta/default/css/styles_color.css]
[file/D_/ramdan/computershop/gala2/demo.galathemes.com/gala-joluta/index.php/rings.html]
[file/D_/ramdan/computershop/gala2/demo.galathemes.com/gala-joluta/index.php/watches.html]
[file/D_/ramdan/computershop/gala2/demo.galathemes.com/gala-joluta/index.php/electronics/cell-phones.html]
[connect.facebook.net/{FACEBOOK_LANG}/sdk.js]
[tjs.sjs.sinajs.cn/open/api/js/wb.js]
[file/D_/ramdan/computershop/gala2/demo.galathemes.com/gala-joluta/index.php/AppleWebKit/index.html]
[file/D_/ramdan/computershop/gala2/demo.galathemes.com/gala-joluta/index.php/index.php]
[file/D_/ramdan/computershop/gala2/demo.galathemes.com/gala-joluta/index.php/click.T]
[file/D_/ramdan/computershop/gala2/demo.galathemes.com/gala-joluta/index.php/Safari/index.html]
[file/D_/ramdan/computershop/gala2/demo.galathemes.com/gala-joluta/index.php/POST]
[file/D_/ramdan/computershop/gala2/demo.galathemes.com/gala-joluta/index.php/gtm.js]
[file/D_/ramdan/computershop/gala2/demo.galathemes.com/gala-joluta/skin/frontend/galajoluta/default/images/flags/flag_default.gif]
[file/D_/ramdan/computershop/gala2/demo.galathemes.com/gala-joluta/index.php/www.addthis.com/index.html]
[file/D_/ramdan/computershop/gala2/demo.galathemes.com/gala-joluta/index.php/profile5445.php]
[file/D_/ramdan/computershop/gala2/demo.galathemes.com/gala-joluta/index.php/addthis_widget.js]
[cf.addthis.com/red/pfb5a.png]
[file/D_/ramdan/computershop/gala2/demo.galathemes.com/gala-joluta/index.php/analytics.js]
[file/D_/ramdan/computershop/gala2/demo.galathemes.com/gala-joluta/index.php/ga.js]
[D_/ramdan/computershop/gala2/s7.addthis.com/js/250/addthis_widget.js]
[file/D_/ramdan/computershop/gala2/s7.addthis.com/js/250/api/js/wb.js]
